###############################################################################
#                                                                             #
# IAR C/C++ Compiler V8.10.1.10194/W32 for 8051         14/Nov/2021  00:56:26 #
# Copyright 2004-2011 IAR Systems AB.                                         #
#                                                                             #
#    Core               =  plain                                              #
#    Code model         =  banked                                             #
#    Data model         =  large                                              #
#    Calling convention =  xdata reentrant                                    #
#    Constant location  =  data_rom                                           #
#    Dptr setup         =  1,16                                               #
#    Source file        =  D:\developer_tool_install\IAR\ZStack-CC2530-2.5.1a #
#                          \Projects\zstack\Samples\SMGW\Source\ledDevice.c   #
#    Command line       =  -f D:\developer_tool_install\IAR\ZStack-CC2530-2.5 #
#                          .1a\Projects\zstack\Samples\SMGW\CC2530DB\..\..\.. #
#                          \Tools\CC2530DB\f8wCoord.cfg (-DCPU32MHZ           #
#                          -DROOT=__near_func -DMAC_CFG_APP_PENDING_QUEUE=TRU #
#                          E -DMAC_CFG_TX_DATA_MAX=5 -DMAC_CFG_TX_MAX=8       #
#                          -DMAC_CFG_RX_MAX=5 -DZDO_COORDINATOR -DRTR_NWK)    #
#                          -f D:\developer_tool_install\IAR\ZStack-CC2530-2.5 #
#                          .1a\Projects\zstack\Samples\SMGW\CC2530DB\..\..\.. #
#                          \Tools\CC2530DB\f8wConfig.cfg (-DZIGBEEPRO         #
#                          -DSECURE=0 -DZG_SECURE_DYNAMIC=0 -DREFLECTOR       #
#                          -DDEFAULT_CHANLIST=0x00010000                      #
#                          -DZDAPP_CONFIG_PAN_ID=0xFFF3                       #
#                          -DNWK_START_DELAY=100 -DEXTENDED_JOINING_RANDOM_MA #
#                          SK=0x007F -DBEACON_REQUEST_DELAY=100               #
#                          -DBEACON_REQ_DELAY_MASK=0x00FF                     #
#                          -DLINK_STATUS_JITTER_MASK=0x007F                   #
#                          -DROUTE_EXPIRY_TIME=30 -DAPSC_ACK_WAIT_DURATION_PO #
#                          LLED=3000 -DNWK_INDIRECT_MSG_TIMEOUT=7             #
#                          -DMAX_RREQ_ENTRIES=8 -DAPSC_MAX_FRAME_RETRIES=3    #
#                          -DNWK_MAX_DATA_RETRIES=2                           #
#                          -DMAX_POLL_FAILURE_RETRIES=2 -DMAX_BCAST=9         #
#                          -DAPS_MAX_GROUPS=16 -DMAX_RTG_ENTRIES=40           #
#                          -DNWK_MAX_BINDING_ENTRIES=4                        #
#                          -DMAX_BINDING_CLUSTER_IDS=4 "-DDEFAULT_KEY={0x01,  #
#                          0x03, 0x05, 0x07, 0x09, 0x0B, 0x0D, 0x0F, 0x00,    #
#                          0x02, 0x04, 0x06, 0x08, 0x0A, 0x0C, 0x0D}"         #
#                          -DMAC_MAX_FRAME_SIZE=116                           #
#                          -DZDNWKMGR_MIN_TRANSMISSIONS=20 "-DCONST=const     #
#                          __code" -DGENERIC=__generic                        #
#                          -DRFD_RCVC_ALWAYS_ON=FALSE -DPOLL_RATE=1000        #
#                          -DQUEUED_POLL_RATE=100 -DRESPONSE_POLL_RATE=100)   #
#                          -DREJOIN_POLL_RATE=440 D:\developer_tool_install\I #
#                          AR\ZStack-CC2530-2.5.1a\Projects\zstack\Samples\SM #
#                          GW\Source\ledDevice.c -D ZTOOL_P1 -D xMT_TASK -D   #
#                          xMT_SYS_FUNC -D xMT_ZDO_FUNC -D                    #
#                          xLCD_SUPPORTED=DEBUG -lC                           #
#                          D:\developer_tool_install\IAR\ZStack-CC2530-2.5.1a #
#                          \Projects\zstack\Samples\SMGW\CC2530DB\mq2\List\   #
#                          -lA D:\developer_tool_install\IAR\ZStack-CC2530-2. #
#                          5.1a\Projects\zstack\Samples\SMGW\CC2530DB\mq2\Lis #
#                          t\ --diag_suppress Pe001,Pa010 -o                  #
#                          D:\developer_tool_install\IAR\ZStack-CC2530-2.5.1a #
#                          \Projects\zstack\Samples\SMGW\CC2530DB\mq2\Obj\    #
#                          -e --no_code_motion --debug --core=plain           #
#                          --dptr=16,1 --data_model=large                     #
#                          --code_model=banked --calling_convention=xdata_ree #
#                          ntrant --place_constants=data_rom                  #
#                          --nr_virtual_regs 16 -I D:\developer_tool_install\ #
#                          IAR\ZStack-CC2530-2.5.1a\Projects\zstack\Samples\S #
#                          MGW\CC2530DB\ -I D:\developer_tool_install\IAR\ZSt #
#                          ack-CC2530-2.5.1a\Projects\zstack\Samples\SMGW\CC2 #
#                          530DB\..\Source\ -I D:\developer_tool_install\IAR\ #
#                          ZStack-CC2530-2.5.1a\Projects\zstack\Samples\SMGW\ #
#                          CC2530DB\..\..\..\ZMain\TI2530DB\ -I               #
#                          D:\developer_tool_install\IAR\ZStack-CC2530-2.5.1a #
#                          \Projects\zstack\Samples\SMGW\CC2530DB\..\..\..\.. #
#                          \..\Components\hal\include\ -I                     #
#                          D:\developer_tool_install\IAR\ZStack-CC2530-2.5.1a #
#                          \Projects\zstack\Samples\SMGW\CC2530DB\..\..\..\.. #
#                          \..\Components\hal\target\CC2530EB\ -I             #
#                          D:\developer_tool_install\IAR\ZStack-CC2530-2.5.1a #
#                          \Projects\zstack\Samples\SMGW\CC2530DB\..\..\..\.. #
#                          \..\Components\mac\include\ -I                     #
#                          D:\developer_tool_install\IAR\ZStack-CC2530-2.5.1a #
#                          \Projects\zstack\Samples\SMGW\CC2530DB\..\..\..\.. #
#                          \..\Components\mac\high_level\ -I                  #
#                          D:\developer_tool_install\IAR\ZStack-CC2530-2.5.1a #
#                          \Projects\zstack\Samples\SMGW\CC2530DB\..\..\..\.. #
#                          \..\Components\mac\low_level\srf04\ -I             #
#                          D:\developer_tool_install\IAR\ZStack-CC2530-2.5.1a #
#                          \Projects\zstack\Samples\SMGW\CC2530DB\..\..\..\.. #
#                          \..\Components\mac\low_level\srf04\single_chip\    #
#                          -I D:\developer_tool_install\IAR\ZStack-CC2530-2.5 #
#                          .1a\Projects\zstack\Samples\SMGW\CC2530DB\..\..\.. #
#                          \..\..\Components\mt\ -I                           #
#                          D:\developer_tool_install\IAR\ZStack-CC2530-2.5.1a #
#                          \Projects\zstack\Samples\SMGW\CC2530DB\..\..\..\.. #
#                          \..\Components\osal\include\ -I                    #
#                          D:\developer_tool_install\IAR\ZStack-CC2530-2.5.1a #
#                          \Projects\zstack\Samples\SMGW\CC2530DB\..\..\..\.. #
#                          \..\Components\services\saddr\ -I                  #
#                          D:\developer_tool_install\IAR\ZStack-CC2530-2.5.1a #
#                          \Projects\zstack\Samples\SMGW\CC2530DB\..\..\..\.. #
#                          \..\Components\services\sdata\ -I                  #
#                          D:\developer_tool_install\IAR\ZStack-CC2530-2.5.1a #
#                          \Projects\zstack\Samples\SMGW\CC2530DB\..\..\..\.. #
#                          \..\Components\stack\af\ -I                        #
#                          D:\developer_tool_install\IAR\ZStack-CC2530-2.5.1a #
#                          \Projects\zstack\Samples\SMGW\CC2530DB\..\..\..\.. #
#                          \..\Components\stack\nwk\ -I                       #
#                          D:\developer_tool_install\IAR\ZStack-CC2530-2.5.1a #
#                          \Projects\zstack\Samples\SMGW\CC2530DB\..\..\..\.. #
#                          \..\Components\stack\sapi\ -I                      #
#                          D:\developer_tool_install\IAR\ZStack-CC2530-2.5.1a #
#                          \Projects\zstack\Samples\SMGW\CC2530DB\..\..\..\.. #
#                          \..\Components\stack\sec\ -I                       #
#                          D:\developer_tool_install\IAR\ZStack-CC2530-2.5.1a #
#                          \Projects\zstack\Samples\SMGW\CC2530DB\..\..\..\.. #
#                          \..\Components\stack\sys\ -I                       #
#                          D:\developer_tool_install\IAR\ZStack-CC2530-2.5.1a #
#                          \Projects\zstack\Samples\SMGW\CC2530DB\..\..\..\.. #
#                          \..\Components\stack\zdo\ -I                       #
#                          D:\developer_tool_install\IAR\ZStack-CC2530-2.5.1a #
#                          \Projects\zstack\Samples\SMGW\CC2530DB\..\..\..\.. #
#                          \..\Components\zmac\ -I D:\developer_tool_install\ #
#                          IAR\ZStack-CC2530-2.5.1a\Projects\zstack\Samples\S #
#                          MGW\CC2530DB\..\..\..\..\..\Components\zmac\f8w\   #
#                          -Ohz --require_prototypes                          #
#    List file          =  D:\developer_tool_install\IAR\ZStack-CC2530-2.5.1a #
#                          \Projects\zstack\Samples\SMGW\CC2530DB\mq2\List\le #
#                          dDevice.lst                                        #
#    Object file        =  D:\developer_tool_install\IAR\ZStack-CC2530-2.5.1a #
#                          \Projects\zstack\Samples\SMGW\CC2530DB\mq2\Obj\led #
#                          Device.r51                                         #
#                                                                             #
#                                                                             #
###############################################################################

D:\developer_tool_install\IAR\ZStack-CC2530-2.5.1a\Projects\zstack\Samples\SMGW\Source\ledDevice.c
      1          #include "smartHome.h"
      2          #include "sapi.h"
      3          #include "hal_led.h"

   \                                 In  segment SFR_AN, at 0x88
   \   union <unnamed> volatile __sfr _A_TCON
   \                     _A_TCON:
   \   000000                DS 1

   \                                 In  segment SFR_AN, at 0xb6
   \   unsigned char volatile __sfr ADCCON3
   \                     ADCCON3:
   \   000000                DS 1

   \                                 In  segment SFR_AN, at 0xba
   \   unsigned char volatile __sfr ADCL
   \                     ADCL:
   \   000000                DS 1

   \                                 In  segment SFR_AN, at 0xbb
   \   unsigned char volatile __sfr ADCH
   \                     ADCH:
   \   000000                DS 1

   \                                 In  segment SFR_AN, at 0xf2
   \   unsigned char volatile __sfr APCFG
   \                     APCFG:
   \   000000                DS 1
      4          #include "onBoard.h"
      5          #include "hal_uart.h"
      6          #include "hal_adc.h"
      7          #include "stdio.h"
      8          
      9          #define CLOSE_LED1_CMD_ID 0x1
     10          #define CLOSE_LED2_CMD_ID 0x2
     11          
     12          #define OPEN_LED1_CMD_ID 0x3
     13          #define OPEN_LED2_CMD_ID 0x4
     14          
     15          #define FLASH_LED1_CMD_ID 0x5
     16          #define FLASH_LED2_CMD_ID 0x6
     17          
     18          
     19          #define LED1_AND_LED2_OPEN 1
     20          #define LED1_AND_LED2_CLOSE 2
     21          #define LED1_OPEN_LED2_CLOSE 3
     22          #define LED1_CLOSE_LED2_OPEN 4
     23          
     24          #define KITCHEN_TYPE 1
     25          #define LED_STATUS 1
     26          #define LEDNUM  2
     27          
     28          
     29          #define NUM_IN_CMD_LEDDEVICE 6
     30          #define NUM_OUT_CMD_LEDDEVICE 3 
     31          

   \                                 In  segment XDATA_I, align 1, keep-with-next
     32          uint8 ledIdList[LEDNUM]={KITCHEN_TYPE,LED1_AND_LED2_CLOSE};
   \                     ledIdList:
   \   000000                DS 2
   \   000002                REQUIRE `?<Initializer for ledIdList>`
   \   000002                REQUIRE __INIT_XDATA_I
     33          

   \                                 In  segment XDATA_ROM_C, align 1
     34          const cId_t kitchenDeviceInputCommandList[NUM_IN_CMD_LEDDEVICE]=
   \                     kitchenDeviceInputCommandList:
   \   000000   0100         DW 1
   \   000002   0200         DW 2
   \   000004   0300         DW 3
   \   000006   0400         DW 4
   \   000008   0500         DW 5
   \   00000A   0600         DW 6
     35          {
     36            CLOSE_LED1_CMD_ID,
     37            CLOSE_LED2_CMD_ID,
     38          
     39            OPEN_LED1_CMD_ID,
     40            OPEN_LED2_CMD_ID,
     41          
     42            FLASH_LED1_CMD_ID,
     43            FLASH_LED2_CMD_ID
     44          };

   \                                 In  segment XDATA_ROM_C, align 1
     45          const cId_t kitchenDeviceOutputCommandList[NUM_OUT_CMD_LEDDEVICE]=
   \                     kitchenDeviceOutputCommandList:
   \   000000   0100         DW 1
   \   000002   0200         DW 2
   \   000004   0400         DW 4
     46          {
     47            SUBNODE_JOIN_NET_CMD_ID,
     48            GET_KITCHEN_NODE_DATA_CMD_ID,
     49            HEART_BEAT_CMD_ID
     50          };

   \                                 In  segment XDATA_ROM_C, align 1
     51          const SimpleDescriptionFormat_t zb_SimpleDesc=
   \                     zb_SimpleDesc:
   \   000000   01           DB 1
   \   000001   0105         DW 1281
   \   000003   0200         DW 2
   \   000005   00           DB 0
   \   000006   06           DB 6
   \   000007   ....         DW kitchenDeviceInputCommandList
   \   000009   03           DB 3
   \   00000A   ....         DW kitchenDeviceOutputCommandList
     52          {
     53            ENDPOINT_ID_SMARTHOME,
     54            PROFILE_ID_SMARTHOME,
     55            DEVICE_ID_LEDDEVICE,
     56            DEVIDE_VERSION_ID,
     57            0,
     58            NUM_IN_CMD_LEDDEVICE,
     59            (cId_t*)kitchenDeviceInputCommandList,
     60            NUM_OUT_CMD_LEDDEVICE,
     61            (cId_t*)kitchenDeviceOutputCommandList  
     62          };
     63          //void Init_ADC(void);
     64          uint8 GetMq2(void);
     65          uint8 GetMq7(void);
     66          unsigned int readAdc(unsigned char channal);
     67          

   \                                 In  segment BANKED_CODE, align 1, keep-with-next
     68          unsigned int readAdc(unsigned char channal)
   \                     readAdc:
     69          {
   \   000000   C0..         PUSH    ?V0 + 0
   \   000002   C0..         PUSH    ?V0 + 1
   \   000004                ; Saved register size: 2
   \   000004                ; Auto size: 0
     70            unsigned int value ; 
     71            APCFG |= 1 << channal ; 
   \   000004   75..01       MOV     ?V0 + 0,#0x1
   \   000007   75..00       MOV     ?V0 + 1,#0x0
   \   00000A   E9           MOV     A,R1
   \   00000B   78..         MOV     R0,#?V0 + 0
   \   00000D   12....       LCALL   ?S_SHL
   \   000010   E5..         MOV     A,?V0 + 0
   \   000012   42F2         ORL     0xf2,A
     72            ADCIF = 0 ;
   \   000014   C28D         CLR     0x88.5
     73           
     74            ADCCON3 = channal;          
   \   000016   89B6         MOV     0xb6,R1
     75            while ( !ADCIF ) ; 
   \                     ??readAdc_0:
   \   000018   A28D         MOV     C,0x88.5
   \   00001A   50FC         JNC     ??readAdc_0
     76            
     77            value = ADCL;
   \   00001C   E5BA         MOV     A,0xba
   \   00001E   F5..         MOV     ?V0 + 0,A
     78            value |= ((unsigned int) ADCH) << 8 ;
     79            value>>=2;
     80            
     81            return value; 
   \   000020   E5BB         MOV     A,0xbb
   \   000022   F5..         MOV     ?V0 + 1,A
   \   000024   7402         MOV     A,#0x2
   \   000026   78..         MOV     R0,#?V0 + 0
   \   000028   12....       LCALL   ?US_SHR
   \   00002B   AA..         MOV     R2,?V0 + 0
   \   00002D   AB..         MOV     R3,?V0 + 1
   \   00002F   D0..         POP     ?V0 + 1
   \   000031   D0..         POP     ?V0 + 0
   \   000033   02....       LJMP    ?BRET
   \   000036                REQUIRE APCFG
   \   000036                REQUIRE _A_TCON
   \   000036                REQUIRE ADCCON3
   \   000036                REQUIRE ADCL
   \   000036                REQUIRE ADCH
     82          }
     83          
     84          
     85          //读取MQ2的浓度

   \                                 In  segment BANKED_CODE, align 1, keep-with-next
     86          uint8 GetMq2(void){
   \                     GetMq2:
   \   000000   74E8         MOV     A,#-0x18
   \   000002   12....       LCALL   ?BANKED_ENTER_XDATA
   \   000005                ; Saved register size: 24
   \   000005                ; Auto size: 30
   \   000005   74E2         MOV     A,#-0x1e
   \   000007   12....       LCALL   ?ALLOC_XSTACK8
     87            char buffer[30];
     88            unsigned int adcValue=0;
     89            float percentage=0.0;
     90            float vol =0.0;
     91            adcValue = readAdc(0);
   \   00000A                ; Setup parameters for call to function readAdc
   \   00000A   7900         MOV     R1,#0x0
   \   00000C   12....       LCALL   ?Subroutine2 & 0xFFFF
     92            vol = (adcValue*1.0/8191.0)*3.3;
   \                     ??CrossCallReturnLabel_0:
   \   00000F   12....       LCALL   ?UL_TO_FLT
   \   000012   90....       MOV     DPTR,#__Constant_45fff800
   \   000015   78..         MOV     R0,#?V0 + 0
   \   000017   12....       LCALL   ?L_MOV_X
   \   00001A   78..         MOV     R0,#?V0 + 8
   \   00001C   79..         MOV     R1,#?V0 + 0
   \   00001E   12....       LCALL   ?FLT_DIV
   \   000021   90....       MOV     DPTR,#__Constant_40533333
   \   000024   78..         MOV     R0,#?V0 + 0
   \   000026   12....       LCALL   ?L_MOV_X
   \   000029   78..         MOV     R0,#?V0 + 8
   \   00002B   79..         MOV     R1,#?V0 + 0
   \   00002D   12....       LCALL   ?FLT_MUL
     93            percentage = ((vol-1.2)*100.0)/2.1;
   \   000030   85....       MOV     ?V0 + 0,?V0 + 8
   \   000033   85....       MOV     ?V0 + 1,?V0 + 9
   \   000036   85....       MOV     ?V0 + 2,?V0 + 10
   \   000039   85....       MOV     ?V0 + 3,?V0 + 11
   \   00003C   90....       MOV     DPTR,#__Constant_bf99999a
   \   00003F   78..         MOV     R0,#?V0 + 12
   \   000041   12....       LCALL   ?L_MOV_X
   \   000044   78..         MOV     R0,#?V0 + 0
   \   000046   79..         MOV     R1,#?V0 + 12
   \   000048   12....       LCALL   ?FLT_ADD
   \   00004B   90....       MOV     DPTR,#__Constant_42c80000
   \   00004E   78..         MOV     R0,#?V0 + 12
   \   000050   12....       LCALL   ?L_MOV_X
   \   000053   78..         MOV     R0,#?V0 + 0
   \   000055   79..         MOV     R1,#?V0 + 12
   \   000057   12....       LCALL   ?FLT_MUL
   \   00005A   90....       MOV     DPTR,#__Constant_40066666
   \   00005D                REQUIRE ?Subroutine0
   \   00005D                ; // Fall through to label ?Subroutine0
     94            sprintf(buffer,"adcValue = %d,vol = %.2f,percentage = %.2f\r\n",adcValue,vol,percentage);
     95            HalUARTWrite(0,buffer,osal_strlen(buffer));
                                  ^
Warning[Pe167]: argument of type "char *" is incompatible with parameter of
          type "unsigned char *"
     96            
     97            // if(percentage>=10.0&&percentage<=100.0){
     98            //   HalLedSet(HAL_LED_1, HAL_LED_MODE_FLASH);
     99            // }else{
    100            //   HalLedSet(HAL_LED_1, HAL_LED_MODE_OFF);
    101            // }
    102            return (uint8)percentage;
    103          }

   \                                 In  segment BANKED_CODE, align 1, keep-with-next
   \                     ?Subroutine0:
   \   000000   78..         MOV     R0,#?V0 + 12
   \   000002   12....       LCALL   ?L_MOV_X
   \   000005   78..         MOV     R0,#?V0 + 0
   \   000007   79..         MOV     R1,#?V0 + 12
   \   000009   12....       LCALL   ?FLT_DIV
   \   00000C                ; Setup parameters for call to function sprintf
   \   00000C                ; Setup parameters for call to function sprintf
   \   00000C   78..         MOV     R0,#?V0 + 0
   \   00000E   12....       LCALL   ?PUSH_XSTACK_I_FOUR
   \   000011   78..         MOV     R0,#?V0 + 8
   \   000013   12....       LCALL   ?PUSH_XSTACK_I_FOUR
   \   000016   78..         MOV     R0,#?V0 + 4
   \   000018   12....       LCALL   ?PUSH_XSTACK_I_TWO
   \   00001B   7C..         MOV     R4,#`?<Constant "adcValue = %d,vol = %...">` & 0xff
   \   00001D   7D..         MOV     R5,#(`?<Constant "adcValue = %d,vol = %...">` >> 8) & 0xff
   \   00001F   740A         MOV     A,#0xa
   \   000021   12....       LCALL   ?XSTACK_DISP0_8
   \   000024   AA82         MOV     R2,DPL
   \   000026   AB83         MOV     R3,DPH
   \   000028   12....       LCALL   ??sprintf?relay
   \   00002B   740A         MOV     A,#0xa
   \   00002D   12....       LCALL   ?DEALLOC_XSTACK8
   \   000030                ; Setup parameters for call to function HalUARTWrite
   \   000030                ; Setup parameters for call to function osal_strlen
   \   000030                ; Setup parameters for call to function HalUARTWrite
   \   000030                ; Setup parameters for call to function osal_strlen
   \   000030   85..82       MOV     DPL,?XSP + 0
   \   000033   85..83       MOV     DPH,?XSP + 1
   \   000036   AA82         MOV     R2,DPL
   \   000038   AB83         MOV     R3,DPH
   \   00003A   12....       LCALL   ??osal_strlen?relay
   \   00003D   EA           MOV     A,R2
   \   00003E   FC           MOV     R4,A
   \   00003F   EB           MOV     A,R3
   \   000040   FD           MOV     R5,A
   \   000041   85..82       MOV     DPL,?XSP + 0
   \   000044   85..83       MOV     DPH,?XSP + 1
   \   000047   AA82         MOV     R2,DPL
   \   000049   AB83         MOV     R3,DPH
   \   00004B   7900         MOV     R1,#0x0
   \   00004D   12....       LCALL   ??HalUARTWrite?relay
   \   000050   78..         MOV     R0,#?V0 + 0
   \   000052   12....       LCALL   ?FLT_TO_L
   \   000055   A9..         MOV     R1,?V0 + 0
   \   000057   741E         MOV     A,#0x1e
   \   000059   12....       LCALL   ?DEALLOC_XSTACK8
   \   00005C   7F10         MOV     R7,#0x10
   \   00005E   02....       LJMP    ?BANKED_LEAVE_XDATA

   \                                 In  segment BANKED_CODE, align 1, keep-with-next
   \                     ?Subroutine2:
   \   000000   12....       LCALL   ??readAdc?relay
   \   000003   8A..         MOV     ?V0 + 4,R2
   \   000005   8B..         MOV     ?V0 + 5,R3
   \   000007   8A..         MOV     ?V0 + 8,R2
   \   000009   8B..         MOV     ?V0 + 9,R3
   \   00000B   E4           CLR     A
   \   00000C   F5..         MOV     ?V0 + 10,A
   \   00000E   F5..         MOV     ?V0 + 11,A
   \   000010   78..         MOV     R0,#?V0 + 8
   \   000012   22           RET
    104          
    105          //读取MQ7的浓度

   \                                 In  segment BANKED_CODE, align 1, keep-with-next
    106          uint8 GetMq7(void){
   \                     GetMq7:
   \   000000   74E8         MOV     A,#-0x18
   \   000002   12....       LCALL   ?BANKED_ENTER_XDATA
   \   000005                ; Saved register size: 24
   \   000005                ; Auto size: 30
   \   000005   74E2         MOV     A,#-0x1e
   \   000007   12....       LCALL   ?ALLOC_XSTACK8
    107            char buffer[30];
    108            unsigned int adcValue=0;
    109            float percentage=0.0;
    110            float vol =0.0;
    111            adcValue = readAdc(1);
   \   00000A                ; Setup parameters for call to function readAdc
   \   00000A   7901         MOV     R1,#0x1
   \   00000C   12....       LCALL   ?Subroutine2 & 0xFFFF
    112            vol = (adcValue*1.0/8191.0)*5.0;
   \                     ??CrossCallReturnLabel_1:
   \   00000F   12....       LCALL   ?UL_TO_FLT
   \   000012   90....       MOV     DPTR,#__Constant_45fff800
   \   000015   78..         MOV     R0,#?V0 + 0
   \   000017   12....       LCALL   ?L_MOV_X
   \   00001A   78..         MOV     R0,#?V0 + 8
   \   00001C   79..         MOV     R1,#?V0 + 0
   \   00001E   12....       LCALL   ?FLT_DIV
   \   000021   90....       MOV     DPTR,#__Constant_40a00000
   \   000024   78..         MOV     R0,#?V0 + 0
   \   000026   12....       LCALL   ?L_MOV_X
   \   000029   78..         MOV     R0,#?V0 + 8
   \   00002B   79..         MOV     R1,#?V0 + 0
   \   00002D   12....       LCALL   ?FLT_MUL
    113            percentage = ((vol-1.9)*100.0)/5.0;
   \   000030   85....       MOV     ?V0 + 0,?V0 + 8
   \   000033   85....       MOV     ?V0 + 1,?V0 + 9
   \   000036   85....       MOV     ?V0 + 2,?V0 + 10
   \   000039   85....       MOV     ?V0 + 3,?V0 + 11
   \   00003C   90....       MOV     DPTR,#__Constant_bff33333
   \   00003F   78..         MOV     R0,#?V0 + 12
   \   000041   12....       LCALL   ?L_MOV_X
   \   000044   78..         MOV     R0,#?V0 + 0
   \   000046   79..         MOV     R1,#?V0 + 12
   \   000048   12....       LCALL   ?FLT_ADD
   \   00004B   90....       MOV     DPTR,#__Constant_42c80000
   \   00004E   78..         MOV     R0,#?V0 + 12
   \   000050   12....       LCALL   ?L_MOV_X
   \   000053   78..         MOV     R0,#?V0 + 0
   \   000055   79..         MOV     R1,#?V0 + 12
   \   000057   12....       LCALL   ?FLT_MUL
   \   00005A   90....       MOV     DPTR,#__Constant_40a00000
   \   00005D   02....       LJMP    ?Subroutine0 & 0xFFFF
    114            sprintf(buffer,"adcValue = %d,vol = %.2f,percentage = %.2f\r\n",adcValue,vol,percentage);
    115            HalUARTWrite(0,buffer,osal_strlen(buffer));
                                  ^
Warning[Pe167]: argument of type "char *" is incompatible with parameter of
          type "unsigned char *"
    116            
    117            // if(percentage>=10.0&&percentage<=100.0){
    118            //   HalLedSet(HAL_LED_2, HAL_LED_MODE_FLASH);
    119            // }else{
    120            //   HalLedSet(HAL_LED_2, HAL_LED_MODE_OFF);
    121            // }
    122            return (uint8)percentage;
    123          }
    124          
    125          

   \                                 In  segment BANKED_CODE, align 1, keep-with-next
    126          void zb_StartConfirm( uint8 status )
   \                     zb_StartConfirm:
    127          {
   \   000000   74F6         MOV     A,#-0xa
   \   000002   12....       LCALL   ?BANKED_ENTER_XDATA
   \   000005                ; Saved register size: 10
   \   000005                ; Auto size: 85
   \   000005   74AB         MOV     A,#-0x55
   \   000007   12....       LCALL   ?ALLOC_XSTACK8
   \   00000A   E9           MOV     A,R1
    128            if(status==ZSUCCESS)
   \   00000B   6003         JZ      $+5
   \   00000D   02....       LJMP    ??CrossCallReturnLabel_2 & 0xFFFF
    129            {   
    130              halUARTCfg_t uartcfg;
    131              uartcfg.baudRate=HAL_UART_BR_115200;
   \   000010   7401         MOV     A,#0x1
   \   000012   12....       LCALL   ?XSTACK_DISP0_8
   \   000015   7404         MOV     A,#0x4
   \   000017   F0           MOVX    @DPTR,A
    132              uartcfg.flowControl=FALSE;
   \   000018   7402         MOV     A,#0x2
   \   00001A   12....       LCALL   ?XSTACK_DISP0_8
   \   00001D   E4           CLR     A
   \   00001E   F0           MOVX    @DPTR,A
    133              uartcfg.callBackFunc=NULL;
   \   00001F   741B         MOV     A,#0x1b
   \   000021   12....       LCALL   ?XSTACK_DISP0_8
   \   000024   E4           CLR     A
   \   000025   F0           MOVX    @DPTR,A
   \   000026   A3           INC     DPTR
   \   000027   F0           MOVX    @DPTR,A
    134              HalUARTOpen(HAL_UART_PORT_0,&uartcfg);
   \   000028                ; Setup parameters for call to function HalUARTOpen
   \   000028   85..82       MOV     DPL,?XSP + 0
   \   00002B   85..83       MOV     DPH,?XSP + 1
   \   00002E   AA82         MOV     R2,DPL
   \   000030   AB83         MOV     R3,DPH
   \   000032   F9           MOV     R1,A
   \   000033   12....       LCALL   ??HalUARTOpen?relay
    135              HalLedSet(HAL_LED_1, HAL_LED_MODE_OFF);
   \   000036                ; Setup parameters for call to function HalLedSet
   \   000036   7A00         MOV     R2,#0x0
   \   000038   7901         MOV     R1,#0x1
   \   00003A   12....       LCALL   ??HalLedSet?relay
    136              HalLedSet(HAL_LED_2, HAL_LED_MODE_OFF);
   \   00003D                ; Setup parameters for call to function HalLedSet
   \   00003D   7A00         MOV     R2,#0x0
   \   00003F   7902         MOV     R1,#0x2
   \   000041   12....       LCALL   ??HalLedSet?relay
    137              char buf[]="The kitchenNode is successfully added to the network!\r\n";
   \   000044   741D         MOV     A,#0x1d
   \   000046   12....       LCALL   ?XSTACK_DISP0_8
   \   000049   AC82         MOV     R4,DPL
   \   00004B   AD83         MOV     R5,DPH
   \   00004D   7583..       MOV     DPH,#(`?<Constant "The kitchenNode is su...">` >> 8) & 0xff
   \   000050   7582..       MOV     DPL,#`?<Constant "The kitchenNode is su...">` & 0xff
   \   000053   7438         MOV     A,#0x38
   \   000055   12....       LCALL   ?MOVE_LONG8_XDATA_XDATA
    138              HalUARTWrite(HAL_UART_PORT_0,buf,osal_strlen(buf));
                                                  ^
Warning[Pe167]: argument of type "char *" is incompatible with parameter of
          type "unsigned char *"
   \   000058                ; Setup parameters for call to function HalUARTWrite
   \   000058                ; Setup parameters for call to function osal_strlen
   \   000058   741D         MOV     A,#0x1d
   \   00005A   12....       LCALL   ?XSTACK_DISP0_8
   \   00005D   AA82         MOV     R2,DPL
   \   00005F   AB83         MOV     R3,DPH
   \   000061   12....       LCALL   ??osal_strlen?relay
   \   000064   EA           MOV     A,R2
   \   000065   FC           MOV     R4,A
   \   000066   EB           MOV     A,R3
   \   000067   FD           MOV     R5,A
   \   000068   741D         MOV     A,#0x1d
   \   00006A   12....       LCALL   ?XSTACK_DISP0_8
   \   00006D   AA82         MOV     R2,DPL
   \   00006F   AB83         MOV     R3,DPH
   \   000071   7900         MOV     R1,#0x0
   \   000073   12....       LCALL   ??HalUARTWrite?relay
    139              zb_SendDataRequest(0X0,SUBNODE_JOIN_NET_CMD_ID,LEDNUM,ledIdList,0,FALSE,AF_DEFAULT_RADIUS);
   \   000076                ; Setup parameters for call to function zb_SendDataRequest
   \   000076   75..1E       MOV     ?V0 + 0,#0x1e
   \   000079   78..         MOV     R0,#?V0 + 0
   \   00007B   12....       LCALL   ?PUSH_XSTACK_I_ONE
   \   00007E   75..00       MOV     ?V0 + 0,#0x0
   \   000081   78..         MOV     R0,#?V0 + 0
   \   000083   12....       LCALL   ?PUSH_XSTACK_I_ONE
   \   000086   78..         MOV     R0,#?V0 + 0
   \   000088   12....       LCALL   ?PUSH_XSTACK_I_ONE
   \   00008B   75....       MOV     ?V0 + 0,#ledIdList & 0xff
   \   00008E   75....       MOV     ?V0 + 1,#(ledIdList >> 8) & 0xff
   \   000091   78..         MOV     R0,#?V0 + 0
   \   000093   12....       LCALL   ?PUSH_XSTACK_I_TWO
   \   000096   7902         MOV     R1,#0x2
   \   000098   7C01         MOV     R4,#0x1
   \   00009A   7D00         MOV     R5,#0x0
   \   00009C   7A00         MOV     R2,#0x0
   \   00009E   7B00         MOV     R3,#0x0
   \   0000A0   12....       LCALL   ??zb_SendDataRequest?relay
   \   0000A3   7405         MOV     A,#0x5
   \   0000A5   12....       LCALL   ?DEALLOC_XSTACK8
    140              //osal_start_timerEx(sapi_TaskID,READ_KITCHEN_SENSOR_DATA_EVENT,3000);
    141              osal_start_timerEx(sapi_TaskID,HEART_BEAT_TIMEOUT_EVENT,5000);
   \   0000A8                ; Setup parameters for call to function osal_start_timerEx
   \   0000A8   12....       LCALL   ?Subroutine3 & 0xFFFF
    142            }
    143          }
   \                     ??CrossCallReturnLabel_2:
   \   0000AB   7455         MOV     A,#0x55
   \   0000AD                REQUIRE ?Subroutine1
   \   0000AD                ; // Fall through to label ?Subroutine1

   \                                 In  segment BANKED_CODE, align 1, keep-with-next
   \                     ?Subroutine1:
   \   000000   12....       LCALL   ?DEALLOC_XSTACK8
   \   000003   7F02         MOV     R7,#0x2
   \   000005   02....       LJMP    ?BANKED_LEAVE_XDATA

   \                                 In  segment BANKED_CODE, align 1, keep-with-next
   \                     ?Subroutine3:
   \   000000   7C88         MOV     R4,#-0x78
   \   000002   7D13         MOV     R5,#0x13
   \   000004   7A01         MOV     R2,#0x1
   \   000006                REQUIRE ??Subroutine4_0
   \   000006                ; // Fall through to label ??Subroutine4_0

   \                                 In  segment BANKED_CODE, align 1, keep-with-next
   \                     ??Subroutine4_0:
   \   000000   7B00         MOV     R3,#0x0
   \   000002   90....       MOV     DPTR,#sapi_TaskID
   \   000005   E0           MOVX    A,@DPTR
   \   000006   F9           MOV     R1,A
   \   000007   12....       LCALL   ??osal_start_timerEx?relay
   \   00000A   22           RET
    144          

   \                                 In  segment BANKED_CODE, align 1, keep-with-next
    145          void zb_HandleOsalEvent( uint16 event )
   \                     zb_HandleOsalEvent:
    146          {
   \   000000   74F6         MOV     A,#-0xa
   \   000002   12....       LCALL   ?BANKED_ENTER_XDATA
   \   000005                ; Saved register size: 10
   \   000005                ; Auto size: 2
   \   000005   74FE         MOV     A,#-0x2
   \   000007   12....       LCALL   ?ALLOC_XSTACK8
   \   00000A   EA           MOV     A,R2
   \   00000B   FE           MOV     R6,A
    147            if(event&HEART_BEAT_TIMEOUT_EVENT)
   \   00000C   A2E0         MOV     C,0xE0 /* A   */.0
   \   00000E   5032         JNC     ??CrossCallReturnLabel_3
    148            {
    149             zb_SendDataRequest(0X0,HEART_BEAT_CMD_ID,0,NULL,0,FALSE,AF_DEFAULT_RADIUS); 
   \   000010                ; Setup parameters for call to function zb_SendDataRequest
   \   000010   75..1E       MOV     ?V0 + 0,#0x1e
   \   000013   78..         MOV     R0,#?V0 + 0
   \   000015   12....       LCALL   ?PUSH_XSTACK_I_ONE
   \   000018   75..00       MOV     ?V0 + 0,#0x0
   \   00001B   78..         MOV     R0,#?V0 + 0
   \   00001D   12....       LCALL   ?PUSH_XSTACK_I_ONE
   \   000020   78..         MOV     R0,#?V0 + 0
   \   000022   12....       LCALL   ?PUSH_XSTACK_I_ONE
   \   000025   E4           CLR     A
   \   000026   F5..         MOV     ?V0 + 1,A
   \   000028   78..         MOV     R0,#?V0 + 0
   \   00002A   12....       LCALL   ?PUSH_XSTACK_I_TWO
   \   00002D   7900         MOV     R1,#0x0
   \   00002F   7C04         MOV     R4,#0x4
   \   000031   7D00         MOV     R5,#0x0
   \   000033   7A00         MOV     R2,#0x0
   \   000035   7B00         MOV     R3,#0x0
   \   000037   12....       LCALL   ??zb_SendDataRequest?relay
   \   00003A   7405         MOV     A,#0x5
   \   00003C   12....       LCALL   ?DEALLOC_XSTACK8
    150             osal_start_timerEx(sapi_TaskID,HEART_BEAT_TIMEOUT_EVENT,5000);  
   \   00003F                ; Setup parameters for call to function osal_start_timerEx
   \   00003F   12....       LCALL   ?Subroutine3 & 0xFFFF
    151            }
    152            
    153            if(event&READ_KITCHEN_SENSOR_DATA_EVENT)
   \                     ??CrossCallReturnLabel_3:
   \   000042   EE           MOV     A,R6
   \   000043   5402         ANL     A,#0x2
   \   000045   7003         JNZ     $+5
   \   000047   02....       LJMP    ??CrossCallReturnLabel_4 & 0xFFFF
    154            {
    155             
    156             uint8 sensorData[2]= {0};
   \   00004A   85..82       MOV     DPL,?XSP + 0
   \   00004D   85..83       MOV     DPH,?XSP + 1
   \   000050   AC82         MOV     R4,DPL
   \   000052   AD83         MOV     R5,DPH
   \   000054   7583..       MOV     DPH,#(`?<Constant {0}>` >> 8) & 0xff
   \   000057   7582..       MOV     DPL,#`?<Constant {0}>` & 0xff
   \   00005A   7402         MOV     A,#0x2
   \   00005C   12....       LCALL   ?MOVE_LONG8_XDATA_XDATA
    157             sensorData[0]=GetMq2();
   \   00005F                ; Setup parameters for call to function GetMq2
   \   00005F   12....       LCALL   ??GetMq2?relay
   \   000062   E9           MOV     A,R1
   \   000063   85..82       MOV     DPL,?XSP + 0
   \   000066   85..83       MOV     DPH,?XSP + 1
   \   000069   F0           MOVX    @DPTR,A
    158             sensorData[1]=GetMq7();
   \   00006A                ; Setup parameters for call to function GetMq7
   \   00006A   12....       LCALL   ??GetMq7?relay
   \   00006D   7401         MOV     A,#0x1
   \   00006F   12....       LCALL   ?XSTACK_DISP0_8
   \   000072   E9           MOV     A,R1
   \   000073   F0           MOVX    @DPTR,A
    159             
    160             if(sensorData[0]<0||sensorData[0]>=100||sensorData[1]<0||sensorData[1]>=100){
                                    ^
Warning[Pe186]: pointless comparison of unsigned integer with zero

     if(sensorData[0]<0||sensorData[0]>=100||sensorData[1]<0||sensorData[1]>=100){
                                                          ^
"D:\developer_tool_install\IAR\ZStack-CC2530-2.5.1a\Projects\zstack\Samples\SMGW\Source\ledDevice.c",160  Warning[Pe186]: 
          pointless comparison of unsigned integer with zero
   \   000074   85..82       MOV     DPL,?XSP + 0
   \   000077   85..83       MOV     DPH,?XSP + 1
   \   00007A   E0           MOVX    A,@DPTR
   \   00007B   C3           CLR     C
   \   00007C   9464         SUBB    A,#0x64
   \   00007E   5057         JNC     ??CrossCallReturnLabel_4
   \   000080   7401         MOV     A,#0x1
   \   000082   12....       LCALL   ?XSTACK_DISP0_8
   \   000085   E0           MOVX    A,@DPTR
   \   000086   C3           CLR     C
   \   000087   9464         SUBB    A,#0x64
   \   000089   504C         JNC     ??CrossCallReturnLabel_4
    161               return ;
    162             }
    163             
    164             char buffer[100];
    165             //sprintf(buffer,"mq2 = %d,mq7 = %d\r\n",sensorData[0],sensorData[1]);
    166             //HalUARTWrite(0,buffer,osal_strlen(buffer));       
    167             zb_SendDataRequest(0X0,GET_KITCHEN_NODE_DATA_CMD_ID,osal_strlen(sensorData),sensorData,0,FALSE,AF_DEFAULT_RADIUS); //读取完mq2数据，接着发一个心跳包    
                                                                                    ^
Warning[Pe167]: argument of type "unsigned char *" is incompatible with
          parameter of type "char *"

     char buffer[100];
          ^
"D:\developer_tool_install\IAR\ZStack-CC2530-2.5.1a\Projects\zstack\Samples\SMGW\Source\ledDevice.c",164  Warning[Pe177]: 
          variable "buffer" was declared but never referenced
   \   00008B                ; Setup parameters for call to function zb_SendDataRequest
   \   00008B   75..1E       MOV     ?V0 + 0,#0x1e
   \   00008E   78..         MOV     R0,#?V0 + 0
   \   000090   12....       LCALL   ?PUSH_XSTACK_I_ONE
   \   000093   75..00       MOV     ?V0 + 0,#0x0
   \   000096   78..         MOV     R0,#?V0 + 0
   \   000098   12....       LCALL   ?PUSH_XSTACK_I_ONE
   \   00009B   78..         MOV     R0,#?V0 + 0
   \   00009D   12....       LCALL   ?PUSH_XSTACK_I_ONE
   \   0000A0   7403         MOV     A,#0x3
   \   0000A2   12....       LCALL   ?XSTACK_DISP0_8
   \   0000A5   8582..       MOV     ?V0 + 0,DPL
   \   0000A8   8583..       MOV     ?V0 + 1,DPH
   \   0000AB   78..         MOV     R0,#?V0 + 0
   \   0000AD   12....       LCALL   ?PUSH_XSTACK_I_TWO
   \   0000B0                ; Setup parameters for call to function osal_strlen
   \   0000B0   7405         MOV     A,#0x5
   \   0000B2   12....       LCALL   ?XSTACK_DISP0_8
   \   0000B5   AA82         MOV     R2,DPL
   \   0000B7   AB83         MOV     R3,DPH
   \   0000B9   12....       LCALL   ??osal_strlen?relay
   \   0000BC   EA           MOV     A,R2
   \   0000BD   F9           MOV     R1,A
   \   0000BE   7C02         MOV     R4,#0x2
   \   0000C0   7D00         MOV     R5,#0x0
   \   0000C2   7A00         MOV     R2,#0x0
   \   0000C4   7B00         MOV     R3,#0x0
   \   0000C6   12....       LCALL   ??zb_SendDataRequest?relay
   \   0000C9   7405         MOV     A,#0x5
   \   0000CB   12....       LCALL   ?DEALLOC_XSTACK8
    168             osal_start_timerEx(sapi_TaskID,READ_KITCHEN_SENSOR_DATA_EVENT,3000);//每四秒读取一次   
   \   0000CE                ; Setup parameters for call to function osal_start_timerEx
   \   0000CE   7CB8         MOV     R4,#-0x48
   \   0000D0   7D0B         MOV     R5,#0xb
   \   0000D2   7A02         MOV     R2,#0x2
   \   0000D4   12....       LCALL   ??Subroutine4_0 & 0xFFFF
    169            }
   \                     ??CrossCallReturnLabel_4:
   \   0000D7   7402         MOV     A,#0x2
   \   0000D9   02....       LJMP    ?Subroutine1 & 0xFFFF
    170          }
    171          

   \                                 In  segment BANKED_CODE, align 1, keep-with-next
    172          void zb_FindDeviceConfirm( uint8 searchType, 
   \                     zb_FindDeviceConfirm:
    173                                    uint8 *searchKey, uint8 *result )
    174          {
   \   000000                ; Saved register size: 0
   \   000000                ; Auto size: 0
    175            
    176          }
   \   000000   02....       LJMP    ?BRET
    177          /***********
    178          执行时机：发送的数据包被接收方收到时被调用
    179          handle:包的编号；
    180          status:ZSUCCESS表示成功接收
    181          ************/

   \                                 In  segment BANKED_CODE, align 1, keep-with-next
    182          void zb_SendDataConfirm( uint8 handle, uint8 status )
   \                     zb_SendDataConfirm:
    183          {
   \   000000                ; Saved register size: 0
   \   000000                ; Auto size: 0
    184            
    185          }
   \   000000   02....       LJMP    ?BRET
    186          
    187          /***********
    188          执行时机：接收到的数据包被调用
    189          ************/

   \                                 In  segment BANKED_CODE, align 1, keep-with-next
    190          void zb_ReceiveDataIndication( uint16 source, uint16 command, 
   \                     zb_ReceiveDataIndication:
    191                                        uint16 len, uint8 *pData  )
    192          {
   \   000000                ; Saved register size: 0
   \   000000                ; Auto size: 0
    193            
    194          }
   \   000000   02....       LJMP    ?BRET
    195          
    196          

   \                                 In  segment BANKED_CODE, align 1, keep-with-next
    197          void zb_AllowBindConfirm( uint16 source )
   \                     zb_AllowBindConfirm:
    198          {
   \   000000                ; Saved register size: 0
   \   000000                ; Auto size: 0
    199          }
   \   000000   02....       LJMP    ?BRET
    200          

   \                                 In  segment BANKED_CODE, align 1, keep-with-next
    201          void zb_HandleKeys( uint8 shift, uint8 keys )
   \                     zb_HandleKeys:
    202          {
   \   000000                ; Saved register size: 0
   \   000000                ; Auto size: 0
    203            
    204          }
   \   000000   02....       LJMP    ?BRET
    205          

   \                                 In  segment BANKED_CODE, align 1, keep-with-next
    206          void zb_BindConfirm( uint16 commandId, uint8 status )
   \                     zb_BindConfirm:
    207          {
   \   000000                ; Saved register size: 0
   \   000000                ; Auto size: 0
    208          }
   \   000000   02....       LJMP    ?BRET

   \                                 In  segment XDATA_ID, align 1, keep-with-next
   \                     `?<Initializer for ledIdList>`:
   \   000000   01           DB 1
   \   000001   02           DB 2

   \                                 In  segment BANK_RELAYS, align 1
   \                     ??readAdc?relay:
   \   000000   12....       LCALL   ?BDISPATCH
   \   000003   ......       DC24    readAdc

   \                                 In  segment BANK_RELAYS, align 1
   \                     ??GetMq2?relay:
   \   000000   12....       LCALL   ?BDISPATCH
   \   000003   ......       DC24    GetMq2

   \                                 In  segment BANK_RELAYS, align 1
   \                     ??GetMq7?relay:
   \   000000   12....       LCALL   ?BDISPATCH
   \   000003   ......       DC24    GetMq7

   \                                 In  segment BANK_RELAYS, align 1
   \                     ??zb_StartConfirm?relay:
   \   000000   12....       LCALL   ?BDISPATCH
   \   000003   ......       DC24    zb_StartConfirm

   \                                 In  segment BANK_RELAYS, align 1
   \                     ??zb_HandleOsalEvent?relay:
   \   000000   12....       LCALL   ?BDISPATCH
   \   000003   ......       DC24    zb_HandleOsalEvent

   \                                 In  segment BANK_RELAYS, align 1
   \                     ??zb_FindDeviceConfirm?relay:
   \   000000   12....       LCALL   ?BDISPATCH
   \   000003   ......       DC24    zb_FindDeviceConfirm

   \                                 In  segment BANK_RELAYS, align 1
   \                     ??zb_SendDataConfirm?relay:
   \   000000   12....       LCALL   ?BDISPATCH
   \   000003   ......       DC24    zb_SendDataConfirm

   \                                 In  segment BANK_RELAYS, align 1
   \                     ??zb_ReceiveDataIndication?relay:
   \   000000   12....       LCALL   ?BDISPATCH
   \   000003   ......       DC24    zb_ReceiveDataIndication

   \                                 In  segment BANK_RELAYS, align 1
   \                     ??zb_AllowBindConfirm?relay:
   \   000000   12....       LCALL   ?BDISPATCH
   \   000003   ......       DC24    zb_AllowBindConfirm

   \                                 In  segment BANK_RELAYS, align 1
   \                     ??zb_HandleKeys?relay:
   \   000000   12....       LCALL   ?BDISPATCH
   \   000003   ......       DC24    zb_HandleKeys

   \                                 In  segment BANK_RELAYS, align 1
   \                     ??zb_BindConfirm?relay:
   \   000000   12....       LCALL   ?BDISPATCH
   \   000003   ......       DC24    zb_BindConfirm

   \                                 In  segment XDATA_ROM_C, align 1
   \                     `?<Constant "adcValue = %d,vol = %...">`:
   \   000000   61646356     DB "adcValue = %d,vol = %.2f,percentage = %.2f\015\012"
   \            616C7565
   \            203D2025
   \            642C766F
   \            6C203D20
   \            252E3266
   \            2C706572
   \            63656E74
   \            61676520
   \            3D20252E
   \            32660D0A
   \            00      

   \                                 In  segment XDATA_ROM_C, align 1
   \                     `?<Constant "The kitchenNode is su...">`:
   \   000000   54686520     DB 54H, 68H, 65H, 20H, 6BH, 69H, 74H, 63H
   \            6B697463
   \   000008   68656E4E     DB 68H, 65H, 6EH, 4EH, 6FH, 64H, 65H, 20H
   \            6F646520
   \   000010   69732073     DB 69H, 73H, 20H, 73H, 75H, 63H, 63H, 65H
   \            75636365
   \   000018   73736675     DB 73H, 73H, 66H, 75H, 6CH, 6CH, 79H, 20H
   \            6C6C7920
   \   000020   61646465     DB 61H, 64H, 64H, 65H, 64H, 20H, 74H, 6FH
   \            6420746F
   \   000028   20746865     DB 20H, 74H, 68H, 65H, 20H, 6EH, 65H, 74H
   \            206E6574
   \   000030   776F726B     DB 77H, 6FH, 72H, 6BH, 21H, 0DH, 0AH, 0
   \            210D0A00

   \                                 In  segment XDATA_ROM_C, align 1
   \                     `?<Constant {0}>`:
   \   000000   00           DB 0
   \   000001   00           DB 0

   \                                 In  segment XDATA_ROM_C, align 1
   \                     __Constant_45fff800:
   \   000000   00F8FF45     DD 45FFF800H

   \                                 In  segment XDATA_ROM_C, align 1
   \                     __Constant_40533333:
   \   000000   33335340     DD 40533333H

   \                                 In  segment XDATA_ROM_C, align 1
   \                     __Constant_bf99999a:
   \   000000   9A9999BF     DD 0BF99999AH

   \                                 In  segment XDATA_ROM_C, align 1
   \                     __Constant_42c80000:
   \   000000   0000C842     DD 42C80000H

   \                                 In  segment XDATA_ROM_C, align 1
   \                     __Constant_40066666:
   \   000000   66660640     DD 40066666H

   \                                 In  segment XDATA_ROM_C, align 1
   \                     __Constant_40a00000:
   \   000000   0000A040     DD 40A00000H

   \                                 In  segment XDATA_ROM_C, align 1
   \                     __Constant_bff33333:
   \   000000   3333F3BF     DD 0BFF33333H

   Maximum stack usage in bytes:

     Function                 ISTACK PSTACK XSTACK
     --------                 ------ ------ ------
     GetMq2                       0      0     76
       -> readAdc                 0      0    108
       -> sprintf                 0      0    128
       -> osal_strlen             0      0    108
       -> HalUARTWrite            0      0    108
     GetMq7                       0      0     76
       -> readAdc                 0      0    108
       -> sprintf                 0      0    128
       -> osal_strlen             0      0    108
       -> HalUARTWrite            0      0    108
     readAdc                      2      0     54
     zb_AllowBindConfirm          0      0      0
     zb_BindConfirm               0      0      0
     zb_FindDeviceConfirm         0      0      0
     zb_HandleKeys                0      0      0
     zb_HandleOsalEvent           2      0     17
       -> zb_SendDataRequest      0      0     34
       -> osal_start_timerEx      0      0     24
       -> GetMq2                  0      0     24
       -> GetMq7                  0      0     24
       -> osal_strlen             0      0     34
       -> zb_SendDataRequest      0      0     34
       -> osal_start_timerEx      0      0     24
     zb_ReceiveDataIndication     0      0      4
     zb_SendDataConfirm           0      0      0
     zb_StartConfirm              2      0    100
       -> HalUARTOpen             0      0    190
       -> HalLedSet               0      0    190
       -> HalLedSet               0      0    190
       -> osal_strlen             0      0    190
       -> HalUARTWrite            0      0    190
       -> zb_SendDataRequest      0      0    200
       -> osal_start_timerEx      0      0    190


   Segment part sizes:

     Function/Label                         Bytes
     --------------                         -----
     _A_TCON                                   1
     ADCCON3                                   1
     ADCL                                      1
     ADCH                                      1
     APCFG                                     1
     ledIdList                                 2
     kitchenDeviceInputCommandList            12
     kitchenDeviceOutputCommandList            6
     zb_SimpleDesc                            12
     readAdc                                  54
     GetMq2                                   93
     ?Subroutine0                             97
     ?Subroutine2                             19
     GetMq7                                   96
     zb_StartConfirm                         173
     ?Subroutine1                              8
     ?Subroutine3                              6
     ??Subroutine4_0                          11
     zb_HandleOsalEvent                      220
     zb_FindDeviceConfirm                      3
     zb_SendDataConfirm                        3
     zb_ReceiveDataIndication                  3
     zb_AllowBindConfirm                       3
     zb_HandleKeys                             3
     zb_BindConfirm                            3
     ?<Initializer for ledIdList>              2
     ??readAdc?relay                           6
     ??GetMq2?relay                            6
     ??GetMq7?relay                            6
     ??zb_StartConfirm?relay                   6
     ??zb_HandleOsalEvent?relay                6
     ??zb_FindDeviceConfirm?relay              6
     ??zb_SendDataConfirm?relay                6
     ??zb_ReceiveDataIndication?relay          6
     ??zb_AllowBindConfirm?relay               6
     ??zb_HandleKeys?relay                     6
     ??zb_BindConfirm?relay                    6
     ?<Constant "adcValue = %d,vol = %...">   45
     ?<Constant "The kitchenNode is su...">   56
     ?<Constant {0}>                           2
     __Constant_45fff800                       4
     __Constant_40533333                       4
     __Constant_bf99999a                       4
     __Constant_42c80000                       4
     __Constant_40066666                       4
     __Constant_40a00000                       4
     __Constant_bff33333                       4

 
 795 bytes in segment BANKED_CODE
  66 bytes in segment BANK_RELAYS
   5 bytes in segment SFR_AN
   2 bytes in segment XDATA_I
   2 bytes in segment XDATA_ID
 161 bytes in segment XDATA_ROM_C
 
 863 bytes of CODE  memory
 133 bytes of CONST memory (+ 28 bytes shared)
   0 bytes of DATA  memory (+  5 bytes shared)
   2 bytes of XDATA memory

Errors: none
Warnings: 7
